# doctest: +SKIP
>>> say_my_name = __import__('3-say_my_name').say_my_name

>>> say_my_name("John", "Doe")
My name is John Doe

>>> say_my_name("Alice")
My name is Alice

>>> say_my_name("", "")
My name is  

>>> say_my_name(123, "Doe")
Traceback (most recent call last):
    ...
TypeError: first_name must be a string

>>> say_my_name("John", None)
Traceback (most recent call last):
    ...
TypeError: last_name must be a string

>>> say_my_name(None, "Smith")
Traceback (most recent call last):
    ...
TypeError: first_name must be a string

>>> say_my_name([], "Smith")
Traceback (most recent call last):
    ...
TypeError: first_name must be a string

>>> say_my_name("John", 42)
Traceback (most recent call last):
    ...
TypeError: last_name must be a string
