>>> BaseGeometry = __import__("7-base_geometry").BaseGeometry

# 🧪 Test de la méthode area (doit lever une exception)
>>> bg = BaseGeometry()
>>> bg.area()
Traceback (most recent call last):
...
Exception: area() is not implemented

# ✅ Test de integer_validator avec des valeurs valides
>>> bg.integer_validator("width", 10)

# ❌ Test avec une valeur non entière
>>> bg.integer_validator("age", "20")
Traceback (most recent call last):
...
TypeError: age must be an integer

# ❌ Test avec une valeur <= 0
>>> bg.integer_validator("size", 0)
Traceback (most recent call last):
...
ValueError: size must be greater than 0

>>> bg.integer_validator("length", -5)
Traceback (most recent call last):
...
ValueError: length must be greater than 0
